python.exe : test_ollama_available (test_llm_direct.TestLLMDirect.test_ollama_available)
At line:1 char:1
+ & .\.venv\Scripts\python.exe -m unittest discover -v 2>&1 > test_outp ...
+ ~~~~~~~~~~~~~~~~~~~~~~~~~~~~~~~~~~~~~~~~~~~~~~~~~~~~~~~~~~~~~~~~~~~~~
    + CategoryInfo          : NotSpecified: (test_ollama_ava...lama_available):String) [], RemoteException
    + FullyQualifiedErrorId : NativeCommandError
 
Test if Ollama LLM service is available on localhost:11434. ... skipped 'Ollama LLM service not available on 
localhost:11434 - skipping test'
test_skip_old_executor_tests (tests_execution.TestExecutorDeprecated.test_skip_old_executor_tests)
Old Executor class has been replaced with ExecutionEngine. ... skipped 'Old Executor class replaced; see 
ExecutionEngine tests'
test_confidence_scoring (tests_phase2.TestIntentParser.test_confidence_scoring)
Test confidence varies by detection method ... ERROR
test_disable_command (tests_phase2.TestIntentParser.test_disable_command)
Test disable/stop command ... ERROR
test_keyword_matching_delete (tests_phase2.TestIntentParser.test_keyword_matching_delete)
Test delete action detection ... ERROR
test_keyword_matching_dictation (tests_phase2.TestIntentParser.test_keyword_matching_dictation)
Test dictation mode parsing ... ERROR
test_keyword_matching_open (tests_phase2.TestIntentParser.test_keyword_matching_open)
Test keyword matching for 'open' action ... ERROR
test_question_detection (tests_phase2.TestIntentParser.test_question_detection)
Test question intent detection ... ERROR
test_unknown_intent (tests_phase2.TestIntentParser.test_unknown_intent)
Test fallback to unknown intent ... ERROR
test_can_execute (tests_phase2.TestModeManager.test_can_execute)
Test can_execute for different modes ... ERROR
test_initial_mode (tests_phase2.TestModeManager.test_initial_mode)
Test initial mode is LISTENING ... ERROR
test_invalid_transition (tests_phase2.TestModeManager.test_invalid_transition)
Test that invalid transitions are rejected ... ERROR
test_is_enabled (tests_phase2.TestModeManager.test_is_enabled)
Test is_enabled check ... ERROR
test_no_self_transitions (tests_phase2.TestModeManager.test_no_self_transitions)
Test that self-transitions are blocked ... ERROR
test_transition_history (tests_phase2.TestModeManager.test_transition_history)
Test transition history tracking ... ERROR
test_transition_to_command (tests_phase2.TestModeManager.test_transition_to_command)
Test transition from LISTENING to COMMAND ... ERROR
test_skip_phase2_tests (tests_phase2.TestPhase2Deprecated.test_skip_phase2_tests)
Phase 2 module tests are deprecated after integration. ... skipped 'Phase 2 tests deprecated; see fusion_engine 
and core fusion tests instead'
test_full_pipeline_dangerous_command (tests_phase2.TestPhase2Integration.test_full_pipeline_dangerous_command)
Test full pipeline with dangerous command ... ERROR
test_full_pipeline_safe_command (tests_phase2.TestPhase2Integration.test_full_pipeline_safe_command)
Test full pipeline: parse -> mode -> safety ... ERROR
test_mode_based_parsing (tests_phase2.TestPhase2Integration.test_mode_based_parsing)
Test that parsing changes based on mode ... ERROR
test_delete_all_is_blocked (tests_phase2.TestSafetyRules.test_delete_all_is_blocked)
Test that 'delete all' is blocked ... ERROR
test_delete_requires_confirmation (tests_phase2.TestSafetyRules.test_delete_requires_confirmation)
Test that delete operations require confirmation ... ERROR
test_low_confidence_requires_confirmation (tests_phase2.TestSafetyRules.test_low_confidence_requires_confirmation)
Test that low confidence actions require confirmation ... ERROR
test_risk_assessment (tests_phase2.TestSafetyRules.test_risk_assessment)
Test comprehensive risk assessment ... ERROR
test_safe_open_allowed (tests_phase2.TestSafetyRules.test_safe_open_allowed)
Test that safe operations are allowed ... ERROR

======================================================================
ERROR: test_confidence_scoring (tests_phase2.TestIntentParser.test_confidence_scoring)
Test confidence varies by detection method
----------------------------------------------------------------------
Traceback (most recent call last):
  File "C:\Users\ramsa\OneDrive\Desktop\multimodal-assistive-ai\tests_phase2.py", line 60, in setUp
    self.parser = IntentParser()
                  ^^^^^^^^^^^^
NameError: name 'IntentParser' is not defined

======================================================================
ERROR: test_disable_command (tests_phase2.TestIntentParser.test_disable_command)
Test disable/stop command
----------------------------------------------------------------------
Traceback (most recent call last):
  File "C:\Users\ramsa\OneDrive\Desktop\multimodal-assistive-ai\tests_phase2.py", line 60, in setUp
    self.parser = IntentParser()
                  ^^^^^^^^^^^^
NameError: name 'IntentParser' is not defined

======================================================================
ERROR: test_keyword_matching_delete (tests_phase2.TestIntentParser.test_keyword_matching_delete)
Test delete action detection
----------------------------------------------------------------------
Traceback (most recent call last):
  File "C:\Users\ramsa\OneDrive\Desktop\multimodal-assistive-ai\tests_phase2.py", line 60, in setUp
    self.parser = IntentParser()
                  ^^^^^^^^^^^^
NameError: name 'IntentParser' is not defined

======================================================================
ERROR: test_keyword_matching_dictation (tests_phase2.TestIntentParser.test_keyword_matching_dictation)
Test dictation mode parsing
----------------------------------------------------------------------
Traceback (most recent call last):
  File "C:\Users\ramsa\OneDrive\Desktop\multimodal-assistive-ai\tests_phase2.py", line 60, in setUp
    self.parser = IntentParser()
                  ^^^^^^^^^^^^
NameError: name 'IntentParser' is not defined

======================================================================
ERROR: test_keyword_matching_open (tests_phase2.TestIntentParser.test_keyword_matching_open)
Test keyword matching for 'open' action
----------------------------------------------------------------------
Traceback (most recent call last):
  File "C:\Users\ramsa\OneDrive\Desktop\multimodal-assistive-ai\tests_phase2.py", line 60, in setUp
    self.parser = IntentParser()
                  ^^^^^^^^^^^^
NameError: name 'IntentParser' is not defined

======================================================================
ERROR: test_question_detection (tests_phase2.TestIntentParser.test_question_detection)
Test question intent detection
----------------------------------------------------------------------
Traceback (most recent call last):
  File "C:\Users\ramsa\OneDrive\Desktop\multimodal-assistive-ai\tests_phase2.py", line 60, in setUp
    self.parser = IntentParser()
                  ^^^^^^^^^^^^
NameError: name 'IntentParser' is not defined

======================================================================
ERROR: test_unknown_intent (tests_phase2.TestIntentParser.test_unknown_intent)
Test fallback to unknown intent
----------------------------------------------------------------------
Traceback (most recent call last):
  File "C:\Users\ramsa\OneDrive\Desktop\multimodal-assistive-ai\tests_phase2.py", line 60, in setUp
    self.parser = IntentParser()
                  ^^^^^^^^^^^^
NameError: name 'IntentParser' is not defined

======================================================================
ERROR: test_can_execute (tests_phase2.TestModeManager.test_can_execute)
Test can_execute for different modes
----------------------------------------------------------------------
Traceback (most recent call last):
  File "C:\Users\ramsa\OneDrive\Desktop\multimodal-assistive-ai\tests_phase2.py", line 114, in setUp
    self.manager = ModeManager()
                   ^^^^^^^^^^^
NameError: name 'ModeManager' is not defined

======================================================================
ERROR: test_initial_mode (tests_phase2.TestModeManager.test_initial_mode)
Test initial mode is LISTENING
----------------------------------------------------------------------
Traceback (most recent call last):
  File "C:\Users\ramsa\OneDrive\Desktop\multimodal-assistive-ai\tests_phase2.py", line 114, in setUp
    self.manager = ModeManager()
                   ^^^^^^^^^^^
NameError: name 'ModeManager' is not defined

======================================================================
ERROR: test_invalid_transition (tests_phase2.TestModeManager.test_invalid_transition)
Test that invalid transitions are rejected
----------------------------------------------------------------------
Traceback (most recent call last):
  File "C:\Users\ramsa\OneDrive\Desktop\multimodal-assistive-ai\tests_phase2.py", line 114, in setUp
    self.manager = ModeManager()
                   ^^^^^^^^^^^
NameError: name 'ModeManager' is not defined

======================================================================
ERROR: test_is_enabled (tests_phase2.TestModeManager.test_is_enabled)
Test is_enabled check
----------------------------------------------------------------------
Traceback (most recent call last):
  File "C:\Users\ramsa\OneDrive\Desktop\multimodal-assistive-ai\tests_phase2.py", line 114, in setUp
    self.manager = ModeManager()
                   ^^^^^^^^^^^
NameError: name 'ModeManager' is not defined

======================================================================
ERROR: test_no_self_transitions (tests_phase2.TestModeManager.test_no_self_transitions)
Test that self-transitions are blocked
----------------------------------------------------------------------
Traceback (most recent call last):
  File "C:\Users\ramsa\OneDrive\Desktop\multimodal-assistive-ai\tests_phase2.py", line 114, in setUp
    self.manager = ModeManager()
                   ^^^^^^^^^^^
NameError: name 'ModeManager' is not defined

======================================================================
ERROR: test_transition_history (tests_phase2.TestModeManager.test_transition_history)
Test transition history tracking
----------------------------------------------------------------------
Traceback (most recent call last):
  File "C:\Users\ramsa\OneDrive\Desktop\multimodal-assistive-ai\tests_phase2.py", line 114, in setUp
    self.manager = ModeManager()
                   ^^^^^^^^^^^
NameError: name 'ModeManager' is not defined

======================================================================
ERROR: test_transition_to_command (tests_phase2.TestModeManager.test_transition_to_command)
Test transition from LISTENING to COMMAND
----------------------------------------------------------------------
Traceback (most recent call last):
  File "C:\Users\ramsa\OneDrive\Desktop\multimodal-assistive-ai\tests_phase2.py", line 114, in setUp
    self.manager = ModeManager()
                   ^^^^^^^^^^^
NameError: name 'ModeManager' is not defined
Listening...
Frame length: 960
Frame length: 960
Frame length: 960
Frame length: 960
Frame length: 960
Frame length: 960
Frame length: 960
Frame length: 960
Frame length: 960
Frame length: 960
Frame length: 960
Frame length: 960
Frame length: 960
Frame length: 960
Frame length: 960
Frame length: 960
Frame length: 960
Frame length: 960
Frame length: 960
Frame length: 960

==============================
TEST: Open Notepad
Decision: {'status': 'APPROVED', 'action': 'OPEN_APP', 'target': 'notepad'}
Response: UnifiedResponse(success=True, category='execution', spoken_message='Opening notepad.', technical_message=None, error_code=None, execution_time_ms=1771843766181.85)
Spoken Message: Opening notepad.
==============================

==============================
TEST: Search Transformers
Decision: {'status': 'APPROVED', 'action': 'SEARCH', 'target': 'transformers in ai'}
Response: UnifiedResponse(success=True, category='execution', spoken_message='Searching for transformers in ai.', technical_message=None, error_code=None, execution_time_ms=1771843768405.29)
Spoken Message: Searching for transformers in ai.
==============================

==============================
TEST: Type Text (Focus Notepad!)
Decision: {'status': 'APPROVED', 'action': 'TYPE_TEXT', 'target': 'Hello from Assistive AI'}
Response: UnifiedResponse(success=True, category='execution', spoken_message='Text typed successfully.', technical_message=None, error_code=None, execution_time_ms=1771843771478.33)
Spoken Message: Text typed successfully.
==============================

==============================
TEST: File Delete (must exist in Desktop/Documents/Downloads)
Decision: {'status': 'APPROVED', 'action': 'FILE_OPERATION', 'target': 'test_delete.txt'}
Response: UnifiedResponse(success=False, category='execution', spoken_message='I could not find a file named test_delete.txt in safe folders.', technical_message=None, error_code='FILE_NOT_FOUND', execution_time_ms=1771843773478.9)
Spoken Message: I could not find a file named test_delete.txt in safe folders.
==============================

==============================
TEST: Invalid App
Decision: {'status': 'APPROVED', 'action': 'OPEN_APP', 'target': 'fakeapp123'}
Response: UnifiedResponse(success=False, category='execution', spoken_message='I could not find an application named fakeapp123.', technical_message=None, error_code='APP_NOT_FOUND', execution_time_ms=1771843773491.92)
Spoken Message: I could not find an application named fakeapp123.
==============================

==============================
TEST: Invalid File
Decision: {'status': 'APPROVED', 'action': 'FILE_OPERATION', 'target': 'fakefile.txt'}
Response: UnifiedResponse(success=False, category='execution', spoken_message='I could not find a file named fakefile.txt in safe folders.', technical_message=None, error_code='FILE_NOT_FOUND', execution_time_ms=1771843773492.92)
Spoken Message: I could not find a file named fakefile.txt in safe folders.
==============================

==============================
TEST: Unsupported Action
Decision: {'status': 'APPROVED', 'action': 'UNKNOWN_ACTION', 'target': None}
Response: UnifiedResponse(success=False, category='execution', spoken_message='Unsupported execution action.', technical_message=None, error_code='UNSUPPORTED_ACTION', execution_time_ms=1771843773492.92)
Spoken Message: Unsupported execution action.
==============================

Question: What are transformers in AI?
Spoken: I could not find a clear answer.

Question: Who is Isaac Newton?
Spoken: Sir Isaac Newton was an English polymath who was a mathematician, physicist, astronomer, alchemist, theologian, author and inventor. He was a key figure in the Scientific Revolution and the Enlightenment that followed. Would you like more details?

Question: who is who
Spoken: Who Framed Roger Rabbit is a 1988 American fantasy comedy film directed by Robert Zemeckis from a screenplay written by Jeffrey Price and Peter S. Seaman. Would you like more details?

==================================================
Input: open the chrome.
Intent Type: OPEN_APP
Action: OPEN_APP
Target: chrome
Parameters: {'target': 'chrome'}
Mode: COMMAND
Confidence: 0.95
High Confidence: True
Needs Clarification: False
Requires Confirmation: False
Risk Level: 1
Is Dangerous: False
Is Executable: True
Blocked Reason: None
Entities:
  - target: chrome (conf=0.9)
Structured Output: {'intent_type': 'OPEN_APP', 'text': 'open the chrome.', 'action': 'OPEN_APP', 'target': 'chrome', 'parameters': {'target': 'chrome'}, 'confidence': 0.95, 'mode': 'COMMAND', 'requires_confirmation': False, 'risk_level': 1, 'blocked_reason': None, 'timestamp': 1771843781.0615578, 'session_id': '5eff4cd3-f8e2-4e0c-8e87-a7cf1e799f3f'}

==================================================
Input: please open chrome
Intent Type: OPEN_APP
Action: OPEN_APP
Target: chrome
Parameters: {'target': 'chrome'}
Mode: COMMAND
Confidence: 0.95
High Confidence: True
Needs Clarification: False
Requires Confirmation: False
Risk Level: 1
Is Dangerous: False
Is Executable: True
Blocked Reason: None
Entities:
  - target: chrome (conf=0.9)
Structured Output: {'intent_type': 'OPEN_APP', 'text': 'please open chrome', 'action': 'OPEN_APP', 'target': 'chrome', 'parameters': {'target': 'chrome'}, 'confidence': 0.95, 'mode': 'COMMAND', 'requires_confirmation': False, 'risk_level': 1, 'blocked_reason': None, 'timestamp': 1771843781.0625563, 'session_id': '3111d1f5-c828-4336-87d1-bad7790da79e'}

==================================================
Input: delete the report.pdf
Intent Type: FILE_OPERATION
Action: FILE_OPERATION
Target: reportpdf
Parameters: {'target': 'reportpdf'}
Mode: COMMAND
Confidence: 0.85
High Confidence: False
Needs Clarification: False
Requires Confirmation: True
Risk Level: 8
Is Dangerous: True
Is Executable: True
Blocked Reason: None
Entities:
  - target: reportpdf (conf=0.9)
Structured Output: {'intent_type': 'FILE_OPERATION', 'text': 'delete the report.pdf', 'action': 'FILE_OPERATION', 'target': 'reportpdf', 'parameters': {'target': 'reportpdf'}, 'confidence': 0.85, 'mode': 'COMMAND', 'requires_confirmation': True, 'risk_level': 8, 'blocked_reason': None, 'timestamp': 1771843781.0625563, 'session_id': '45fa6b73-b340-42ab-bcc6-4fbc89824ceb'}

==================================================
Input: search for transformers
Intent Type: SEARCH
Action: SEARCH
Target: transformers
Parameters: {'target': 'transformers'}
Mode: COMMAND
Confidence: 0.95
High Confidence: True
Needs Clarification: False
Requires Confirmation: False
Risk Level: 1
Is Dangerous: False
Is Executable: True
Blocked Reason: None
Entities:
  - target: transformers (conf=0.9)
Structured Output: {'intent_type': 'SEARCH', 'text': 'search for transformers', 'action': 'SEARCH', 'target': 'transformers', 'parameters': {'target': 'transformers'}, 'confidence': 0.95, 'mode': 'COMMAND', 'requires_confirmation': False, 'risk_level': 1, 'blocked_reason': None, 'timestamp': 1771843781.0625563, 'session_id': '0c131380-82dd-446e-85c8-0a7e08a18a27'}

==================================================
Input: what is bert
Intent Type: QUESTION
Action: KNOWLEDGE_QUERY
Target: what is bert
Parameters: {}
Mode: QUESTION
Confidence: 0.9
High Confidence: True
Needs Clarification: False
Requires Confirmation: False
Risk Level: 0
Is Dangerous: False
Is Executable: False
Blocked Reason: None
Entities: None
Structured Output: {'intent_type': 'QUESTION', 'text': 'what is bert', 'action': 'KNOWLEDGE_QUERY', 'target': 'what is bert', 'parameters': {}, 'confidence': 0.9, 'mode': 'QUESTION', 'requires_confirmation': False, 'risk_level': 0, 'blocked_reason': None, 'timestamp': 1771843781.0625563, 'session_id': '6317575c-8810-465c-b274-659baf369325'}

==================================================
Input: type hello world
Intent Type: TYPE_TEXT
Action: TYPE_TEXT
Target: hello world
Parameters: {'target': 'hello world'}
Mode: COMMAND
Confidence: 0.95
High Confidence: True
Needs Clarification: False
Requires Confirmation: False
Risk Level: 1
Is Dangerous: False
Is Executable: True
Blocked Reason: None
Entities:
  - target: hello world (conf=0.9)
Structured Output: {'intent_type': 'TYPE_TEXT', 'text': 'type hello world', 'action': 'TYPE_TEXT', 'target': 'hello world', 'parameters': {'target': 'hello world'}, 'confidence': 0.95, 'mode': 'COMMAND', 'requires_confirmation': False, 'risk_level': 1, 'blocked_reason': None, 'timestamp': 1771843781.0625563, 'session_id': '82c2c1fe-2edd-4827-811e-70f2e7663a99'}

==================================================
Input: shutdown the system
Intent Type: SYSTEM_CONTROL
Action: SYSTEM_CONTROL
Target: system
Parameters: {'target': 'system'}
Mode: COMMAND
Confidence: 0.85
High Confidence: False
Needs Clarification: False
Requires Confirmation: True
Risk Level: 9
Is Dangerous: True
Is Executable: True
Blocked Reason: None
Entities:
  - target: system (conf=0.9)
Structured Output: {'intent_type': 'SYSTEM_CONTROL', 'text': 'shutdown the system', 'action': 'SYSTEM_CONTROL', 'target': 'system', 'parameters': {'target': 'system'}, 'confidence': 0.85, 'mode': 'COMMAND', 'requires_confirmation': True, 'risk_level': 9, 'blocked_reason': None, 'timestamp': 1771843781.063615, 'session_id': 'b09f2dba-993a-4f43-87e2-e7f18a817b16'}

Input: open chrome
{'status': 'APPROVED', 'action': 'OPEN_APP', 'target': 'chrome', 'risk_level': 2, 'requires_confirmation': False, 'blocked_reason': None, 'message': 'Action approved', 'latency_ms': None}

Input: delete report.pdf
{'status': 'NEEDS_CONFIRMATION', 'action': 'FILE_OPERATION', 'target': 'reportpdf', 'risk_level': 8, 'requires_confirmation': True, 'blocked_reason': None, 'message': 'Confirm action: FILE_OPERATION reportpdf', 'latency_ms': None}

Input: yes
{'status': 'APPROVED', 'action': 'FILE_OPERATION', 'target': 'reportpdf', 'risk_level': 8, 'requires_confirmation': True, 'blocked_reason': None, 'message': 'Action confirmed', 'latency_ms': None}

Input: delete all files in system
{'status': 'NEEDS_CONFIRMATION', 'action': 'FILE_OPERATION', 'target': 'all files in system', 'risk_level': 8, 'requires_confirmation': True, 'blocked_reason': None, 'message': 'Confirm action: FILE_OPERATION all files in system', 'latency_ms': None}

Input: no
{'status': 'BLOCKED', 'action': 'FILE_OPERATION', 'target': 'all files in system', 'risk_level': 8, 'requires_confirmation': True, 'blocked_reason': None, 'message': 'Action cancelled', 'latency_ms': None}

Input: shutdown now
{'status': 'BLOCKED', 'action': 'SYSTEM_CONTROL', 'target': 'now', 'risk_level': 9, 'requires_confirmation': False, 'blocked_reason': 'Operation blocked due to extreme risk', 'message': 'Operation blocked due to extreme risk', 'latency_ms': None}

Input: open notepad
{'status': 'APPROVED', 'action': 'OPEN_APP', 'target': 'notepad', 'risk_level': 2, 'requires_confirmation': False, 'blocked_reason': None, 'message': 'Action approved', 'latency_ms': None}
UnifiedResponse(success=True, category='execution', spoken_message='Opening Chrome.', technical_message=None, error_code=None, execution_time_ms=1771843781068.06)

------------------------------
Decision: {'status': 'APPROVED', 'action': 'OPEN_APP', 'target': 'notepad'}
Spoken: Opening notepad.

------------------------------
Decision: {'status': 'APPROVED', 'action': 'CALCULATE', 'target': '2 + 5 * 3'}
Spoken: The result is 17.

------------------------------
Decision: {'status': 'APPROVED', 'action': 'KNOWLEDGE_QUERY', 'target': 'Who is virat?'}
Spoken: Virat Kohli is an Indian international cricketer and the former all-format captain of the Indian national cricket team. He is a right-handed batter and occasional right-arm medium pace bowler. Would you like more details?

------------------------------
Decision: {'status': 'APPROVED', 'action': 'KNOWLEDGE_QUERY', 'target': 'What is AI?'}
Spoken: Local AI model encountered an error.

------------------------------
Decision: {'status': 'APPROVED', 'action': 'KNOWLEDGE_QUERY', 'target': 'Explain quantum computing'}
Spoken: Local AI model encountered an error.

============================================================
Input: open chrome
Intent Type: OPEN_APP
Action: OPEN_APP
Target: chrome
Risk Level: 2
Requires Confirmation: False
Blocked Reason: None
Is Dangerous: False
Is Executable: True
Context: {}
Structured Output: {'intent_type': 'OPEN_APP', 'text': 'open chrome', 'action': 'OPEN_APP', 'target': 'chrome', 'parameters': {'target': 'chrome'}, 'confidence': 0.95, 'mode': 'COMMAND', 'requires_confirmation': False, 'risk_level': 2, 'blocked_reason': None, 'timestamp': 1771843790.9028828, 'session_id': 'c8debfc1-55ff-48b0-8722-900c4d951315'}

============================================================
Input: delete report.pdf
Intent Type: FILE_OPERATION
Action: FILE_OPERATION
Target: reportpdf
Risk Level: 8
Requires Confirmation: True
Blocked Reason: None
Is Dangerous: True
Is Executable: True
Context: {}
Structured Output: {'intent_type': 'FILE_OPERATION', 'text': 'delete report.pdf', 'action': 'FILE_OPERATION', 'target': 'reportpdf', 'parameters': {'target': 'reportpdf'}, 'confidence': 0.85, 'mode': 'COMMAND', 'requires_confirmation': True, 'risk_level': 8, 'blocked_reason': None, 'timestamp': 1771843790.9028828, 'session_id': '3b5b1149-fca9-4661-bf71-e041eef230da'}

============================================================
Input: delete all files in system
Intent Type: FILE_OPERATION
Action: FILE_OPERATION
Target: all files in system
Risk Level: 8
Requires Confirmation: True
Blocked Reason: None
Is Dangerous: True
Is Executable: True
Context: {'danger_pattern_detected': 'all files'}
Structured Output: {'intent_type': 'FILE_OPERATION', 'text': 'delete all files in system', 'action': 'FILE_OPERATION', 'target': 'all files in system', 'parameters': {'target': 'all files in system'}, 'confidence': 0.85, 'mode': 'COMMAND', 'requires_confirmation': True, 'risk_level': 8, 'blocked_reason': None, 'timestamp': 1771843790.9028828, 'session_id': '0dc61ef8-8849-4335-8cb2-0bf4481bf511'}

============================================================
Input: shutdown now
Intent Type: SYSTEM_CONTROL
Action: SYSTEM_CONTROL
Target: now
Risk Level: 9
Requires Confirmation: False
Blocked Reason: Operation blocked due to extreme risk
Is Dangerous: True
Is Executable: False
Context: {'danger_pattern_detected': 'shutdown now'}
Structured Output: {'intent_type': 'SYSTEM_CONTROL', 'text': 'shutdown now', 'action': 'SYSTEM_CONTROL', 'target': 'now', 'parameters': {'target': 'now'}, 'confidence': 0.85, 'mode': 'COMMAND', 'requires_confirmation': False, 'risk_level': 9, 'blocked_reason': 'Operation blocked due to extreme risk', 'timestamp': 1771843790.9028828, 'session_id': '60a18c8b-a260-42a9-b608-4c1fdfb19935'}

Test: {'action': 'CALCULATE', 'target': '2 + 3 * 4'}
Response: The result is 14.

Test: {'action': 'CALCULATE', 'target': 'sqrt(16)'}
Response: The result is 4.0.

Test: {'action': 'CALCULATE', 'target': 'sin(pi/2)'}
Response: The result is 1.0.

Test: {'action': 'CALCULATE', 'target': '2^10'}
Response: The result is 1024.

Test: {'action': 'GET_TIME', 'target': None}
Response: The current time is 04:19 PM.

======================================================================
ERROR: test_full_pipeline_dangerous_command 
(tests_phase2.TestPhase2Integration.test_full_pipeline_dangerous_command)
Test full pipeline with dangerous command
----------------------------------------------------------------------
Traceback (most recent call last):
  File "C:\Users\ramsa\OneDrive\Desktop\multimodal-assistive-ai\tests_phase2.py", line 268, in 
test_full_pipeline_dangerous_command
    parser = IntentParser()
             ^^^^^^^^^^^^
NameError: name 'IntentParser' is not defined

======================================================================
ERROR: test_full_pipeline_safe_command (tests_phase2.TestPhase2Integration.test_full_pipeline_safe_command)
Test full pipeline: parse -> mode -> safety
----------------------------------------------------------------------
Traceback (most recent call last):
  File "C:\Users\ramsa\OneDrive\Desktop\multimodal-assistive-ai\tests_phase2.py", line 251, in 
test_full_pipeline_safe_command
    parser = IntentParser()
             ^^^^^^^^^^^^
NameError: name 'IntentParser' is not defined

======================================================================
ERROR: test_mode_based_parsing (tests_phase2.TestPhase2Integration.test_mode_based_parsing)
Test that parsing changes based on mode
----------------------------------------------------------------------
Traceback (most recent call last):
  File "C:\Users\ramsa\OneDrive\Desktop\multimodal-assistive-ai\tests_phase2.py", line 280, in 
test_mode_based_parsing
    parser = IntentParser()
             ^^^^^^^^^^^^
NameError: name 'IntentParser' is not defined

======================================================================
ERROR: test_delete_all_is_blocked (tests_phase2.TestSafetyRules.test_delete_all_is_blocked)
Test that 'delete all' is blocked
----------------------------------------------------------------------
Traceback (most recent call last):
  File "C:\Users\ramsa\OneDrive\Desktop\multimodal-assistive-ai\tests_phase2.py", line 169, in setUp
    self.safety = SafetyRules()
                  ^^^^^^^^^^^
NameError: name 'SafetyRules' is not defined

======================================================================
ERROR: test_delete_requires_confirmation (tests_phase2.TestSafetyRules.test_delete_requires_confirmation)
Test that delete operations require confirmation
----------------------------------------------------------------------
Traceback (most recent call last):
  File "C:\Users\ramsa\OneDrive\Desktop\multimodal-assistive-ai\tests_phase2.py", line 169, in setUp
    self.safety = SafetyRules()
                  ^^^^^^^^^^^
NameError: name 'SafetyRules' is not defined

======================================================================
ERROR: test_low_confidence_requires_confirmation 
(tests_phase2.TestSafetyRules.test_low_confidence_requires_confirmation)
Test that low confidence actions require confirmation
----------------------------------------------------------------------
Traceback (most recent call last):
  File "C:\Users\ramsa\OneDrive\Desktop\multimodal-assistive-ai\tests_phase2.py", line 169, in setUp
    self.safety = SafetyRules()
                  ^^^^^^^^^^^
NameError: name 'SafetyRules' is not defined

======================================================================
ERROR: test_risk_assessment (tests_phase2.TestSafetyRules.test_risk_assessment)
Test comprehensive risk assessment
----------------------------------------------------------------------
Traceback (most recent call last):
  File "C:\Users\ramsa\OneDrive\Desktop\multimodal-assistive-ai\tests_phase2.py", line 169, in setUp
    self.safety = SafetyRules()
                  ^^^^^^^^^^^
NameError: name 'SafetyRules' is not defined

======================================================================
ERROR: test_safe_open_allowed (tests_phase2.TestSafetyRules.test_safe_open_allowed)
Test that safe operations are allowed
----------------------------------------------------------------------
Traceback (most recent call last):
  File "C:\Users\ramsa\OneDrive\Desktop\multimodal-assistive-ai\tests_phase2.py", line 169, in setUp
    self.safety = SafetyRules()
                  ^^^^^^^^^^^
NameError: name 'SafetyRules' is not defined

----------------------------------------------------------------------
Ran 25 tests in 4.071s

FAILED (errors=22, skipped=3)
